
> frontend@0.0.1 test:run C:\Users\gjyos\OneDrive\Desktop\SE_Project\ns2\novasketch-frontend
> vitest run

node.exe : 'vitest' is not 
recognized as an internal 
or external command,
At C:\Users\gjyos\AppData\Ro
aming\npm\pnpm.ps1:24 char:5
+     & "node$exe"  "$basedi
r/node_modules/pnpm/bin/pnpm
.cjs" $args
+     ~~~~~~~~~~~~~~~~~~~~~~
~~~~~~~~~~~~~~~~~~~~~~~~~~~~
~~~~~~~~~~~
    + CategoryInfo          
    : NotSpecified: ('vite  
  st' is not...ternal com   
 mand,:String) [], Remot    
eException
    + FullyQualifiedErrorId 
    : NativeCommandError
 
operable program or batch 
file.
ΓÇëELIFECYCLEΓÇë Command failed with exit code 1.
