
[1m[46m RUN [49m[22m [36mv4.0.18 [39m[90mC:/Users/karth/Desktop/NovaSketch/novasketch-frontend[39m

node.exe : [90mstderr[2m | src/components/Whiteboard/
components/AnalyzeWithAI.test.tsx[2m:28:5[22m[2m[2m
 > [22m[2mAnalyzeWithAI Component[2m > 
[22m[2mshould handle capturing and opening ChatGPT 
successfully
At line:1 char:1
+ & "C:\Program Files\nodejs/node.exe" 
"C:\Users\karth\AppData\Roaming\ ...
+ ~~~~~~~~~~~~~~~~~~~~~~~~~~~~~~~~~~~~~~~~~~~~~~~~~~~~~
~~~~~~~~~~~~~~~~
    + CategoryInfo          : NotSpecified: ([90mstde 
   rr[2m...PT successfully:String) [], RemoteExcepti  
  on
    + FullyQualifiedErrorId : NativeCommandError
 
[22m[39m[vitest] The vi.fn() mock did not use 
'function' or 'class' in its implementation, see 
https://vitest.dev/api/vi#vi-spyon for examples.
Failed to capture/copy canvas: TypeError: (data) => 
data is not a constructor
    at new Mock [90m(file:///C:/Users/karth/Desktop/No
vaSketch/novasketch-frontend/[39mnode_modules/[4m.pnp
m[24m/@vitest+spy@4.0.18/node_modules/[4m@vitest/spy
[24m/dist/index.js:262:27[90m)[39m
    at captureAndOpen (C:/Users/karth/Desktop/NovaSketc
h/novasketch-frontend/src/components/Whiteboard/compone
nts/AnalyzeWithAI.tsx:19:25)
[90m    at processTicksAndRejections 
(node:internal/process/task_queues:105:5)[39m

[90mstderr[2m | src/components/Whiteboard/components/
AnalyzeWithAI.test.tsx[2m:48:5[22m[2m[2m > 
[22m[2mAnalyzeWithAI Component[2m > [22m[2mshould 
handle capturing and opening Gemini successfully
[22m[39m[vitest] The vi.fn() mock did not use 
'function' or 'class' in its implementation, see 
https://vitest.dev/api/vi#vi-spyon for examples.
Failed to capture/copy canvas: TypeError: (data) => 
data is not a constructor
    at new Mock [90m(file:///C:/Users/karth/Desktop/No
vaSketch/novasketch-frontend/[39mnode_modules/[4m.pnp
m[24m/@vitest+spy@4.0.18/node_modules/[4m@vitest/spy
[24m/dist/index.js:262:27[90m)[39m
    at captureAndOpen (C:/Users/karth/Desktop/NovaSketc
h/novasketch-frontend/src/components/Whiteboard/compone
nts/AnalyzeWithAI.tsx:19:25)

[90mstderr[2m | src/components/Whiteboard/components/
AnalyzeWithAI.test.tsx[2m:85:5[22m[2m[2m > 
[22m[2mAnalyzeWithAI Component[2m > [22m[2mshould 
display error if navigator.clipboard is unavailable
[22m[39m[vitest] The vi.fn() mock did not use 
'function' or 'class' in its implementation, see 
https://vitest.dev/api/vi#vi-spyon for examples.
Failed to capture/copy canvas: TypeError: (data) => 
data is not a constructor
    at new Mock [90m(file:///C:/Users/karth/Desktop/No
vaSketch/novasketch-frontend/[39mnode_modules/[4m.pnp
m[24m/@vitest+spy@4.0.18/node_modules/[4m@vitest/spy
[24m/dist/index.js:262:27[90m)[39m
    at captureAndOpen (C:/Users/karth/Desktop/NovaSketc
h/novasketch-frontend/src/components/Whiteboard/compone
nts/AnalyzeWithAI.tsx:19:25)

 [31mΓ¥»[39m src/components/Whiteboard/components/AnalyzeWithAI.test.tsx [2m([22m[2m6 tests[22m[2m | [22m[31m2 failed[39m[2m)[22m[33m 2142[2mms[22m[39m
     [32mΓ£ô[39m should render the component with ChatGPT and Gemini options[32m 50[2mms[22m[39m
[31m     [31m├ù[31m should handle capturing and opening ChatGPT successfully[39m[33m 1033[2mms[22m[39m
[31m     [31m├ù[31m should handle capturing and opening Gemini successfully[39m[33m 1024[2mms[22m[39m
     [32mΓ£ô[39m should handle capture failure (no blob) gracefully[32m 16[2mms[22m[39m
     [32mΓ£ô[39m should display error if navigator.clipboard is unavailable[32m 14[2mms[22m[39m
     [32mΓ£ô[39m should still open window if onCaptureCanvas prop is not provided[32m 4[2mms[22m[39m

[31mΓÄ»ΓÄ»ΓÄ»ΓÄ»ΓÄ»ΓÄ»ΓÄ»[39m[1m[41m Failed Tests 
2 [49m[22m[31mΓÄ»ΓÄ»ΓÄ»ΓÄ»ΓÄ»ΓÄ»ΓÄ»[39m

[41m[1m FAIL [22m[49m src/components/Whiteboard/com
ponents/AnalyzeWithAI.test.tsx[2m:28:5[22m[2m > 
[22mAnalyzeWithAI Component[2m > [22mshould handle 
capturing and opening ChatGPT successfully
[31m[1mAssertionError[22m: expected "vi.fn()" to be 
called 1 times, but got 0 times

Ignored nodes: comments, script, style
[36m<html>[31m
  [36m<head />[31m
  [36m<body>[31m
    [36m<div>[31m
      [36m<div[31m
        [33mclass[31m=[32m"flex flex-col gap-3 px-4 
py-3"[31m
      [36m>[31m
        [36m<div[31m
          [33mclass[31m=[32m"text-[11px] 
leading-relaxed"[31m
          [33mstyle[31m=[32m"color: rgb(148, 163, 
184);"[31m
        [36m>[31m
          [0mCapture your whiteboard and send it to 
AI for analysis. The drawing is copied to your 
clipboard ΓÇö just [0m
          [36m<strong>[31m
            [0mCtrl+V[0m
          [36m</strong>[31m
          [0m to paste it in the chat.[0m
        [36m</div>[31m
        [36m<div[31m
          [33mclass[31m=[32m"flex items-center 
justify-center gap-6 w-full py-1"[31m
        [36m>[31m
          [36m<button[31m
            [33mclass[31m=[32m"flex flex-col 
items-center gap-1.5 transition-transform 
hover:-translate-y-1 active:scale-95 group"[31m
          [36m>[31m
            [36m<div[31m
              [33mclass[31m=[32m"w-12 h-12 
rounded-[14px] shadow-sm flex items-center 
justify-center p-2 border transition-shadow 
group-hover:shadow-md"[31m
              [33mstyle[31m=[32m"border-color: 
rgba(255, 255, 255, 0.1); background: rgb(30, 41, 
59);"[31m
            [36m>[31m
              [36m<img[31m
                [33malt[31m=[32m"ChatGPT"[31m
                [33mclass[31m=[32m"w-full h-full 
object-contain transition-all 
group-hover:scale-110"[31m
                
[33msrc[31m=[32m"/share-icons/chatgpt.webp"[31m
              [36m/>[31m
            [36m</div>[31m
            [36m<span[31m
              [33mclass[31m=[32m"text-[10px] 
font-semibold"[31m
              [33mstyle[31m=[32m"color: rgb(148, 
163, 184);"[31m
            [36m>[31m
              [0mChatGPT[0m
            [36m</span>[31m
          [36m</button>[31m
          [36m<button[31m
            [33mclass[31m=[32m"flex flex-col 
items-center gap-1.5 transition-transform 
hover:-translate-y-1 active:scale-95 group"[31m
          [36m>[31m
            [36m<div[31m
              [33mclass[31m=[32m"w-12 h-12 
rounded-[14px] shadow-sm flex items-center 
justify-center p-2 border transition-shadow 
group-hover:shadow-md"[31m
              [33mstyle[31m=[32m"border-color: 
rgba(255, 255, 255, 0.1); background: rgb(30, 41, 
59);"[31m
            [36m>[31m
              [36m<img[31m
                [33malt[31m=[32m"Gemini"[31m
                [33mclass[31m=[32m"w-full h-full 
object-contain transition-all 
group-hover:scale-110"[31m
                
[33msrc[31m=[32m"/share-icons/gemini.webp"[31m
              [36m/>[31m
            [36m</div>[31m
            [36m<span[31m
              [33mclass[31m=[32m"text-[10px] 
font-semibold"[31m
              [33mstyle[31m=[32m"color: rgb(148, 
163, 184);"[31m
            [36m>[31m
              [0mGemini[0m
            [36m</span>[31m
          [36m</button>[31m
        [36m</div>[31m
        [36m<div[31m
          [33mclass[31m=[32m"text-center 
text-[11px] font-medium py-2 px-3 rounded-lg 
transition-all"[31m
          [33mstyle[31m=[32m"background-color: 
rgba(239, 68, 68, 0.1); color: rgb(239, 68, 68); 
border: 1px solid transparent;"[31m
        [36m>[31m
          [36m<div[31m
            [33mclass[31m=[32m"flex items-center 
justify-center gap-2"[31m
          [36m>[31m
            [36m<span>[31m
              [0mΓÜá∩╕Å[0m
            [36m</span>[31m
            [0m [0m
            [0mCopy failed[0m
          [36m</div>[31m
        [36m</div>[31m
        [36m<div[31m
          [33mclass[31m=[32m"text-[9px] text-center 
pt-2 border-t flex flex-col gap-0.5"[31m
          [33mstyle[31m=[32m"color: rgb(71, 85, 
105); border-color: rgb(30, 41, 59);"[31m
        [36m>[31m
          [36m<a[31m
            [33mclass[31m=[32m"hover:underline"[31m
            [33mhref[31m=[32m"https://www.flaticon.c
om/free-icons/chatgpt"[31m
            [33mrel[31m=[32m"noreferrer"[31m
            [33mtarget[31m=[32m"_blank"[31m
            [33mtitle[31m=[32m"chatgpt icons"[31m
          [36m>[31m
            [0mChatgpt icons created by Freepik - 
Flaticon[0m
          [36m</a>[31m
        [36m</div>[31m
      [36m</div>[31m
    [36m</div>[31m
  [36m</body>[31m
[36m</html>[31m[39m
[36m [2mΓ¥»[22m src/components/Whiteboard/components
/AnalyzeWithAI.test.tsx:[2m42:47[22m[39m
    [90m 40| [39m
    [90m 41| [39m        [35mawait[39m 
[34mwaitFor[39m(() [33m=>[39m {
    [90m 42| [39m            [34mexpect[39m(navigat
or[33m.[39mclipboard[33m.[39mwrite)[33m.[39m[34m
toHaveBeenCalledTimes[39m([34m1[39m)[33m;[39m
    [90m   | [39m                                    
          [31m^[39m
    [90m 43| [39m            expect(window.open).toHa
veBeenCalledWith('https://chatgpt.ΓÇª
    [90m 44| [39m            
expect(screen.getByText('Image 
copied!')).toBeInTheDocumenΓÇª
[90m [2mΓ¥»[22m 
runWithExpensiveErrorDiagnosticsDisabled node_modules/.
pnpm/@testing-library+dom@10.4.1/node_modules/@testing-
library/dom/dist/config.js:[2m47:12[22m[39m
[90m [2mΓ¥»[22m checkCallback node_modules/.pnpm/@te
sting-library+dom@10.4.1/node_modules/@testing-library/
dom/dist/wait-for.js:[2m124:77[22m[39m
[90m [2mΓ¥»[22m Timeout.checkRealTimersCallback node
_modules/.pnpm/@testing-library+dom@10.4.1/node_modules
/@testing-library/dom/dist/wait-for.js:[2m118:16[22m
[39m

[31m[2mΓÄ»ΓÄ»ΓÄ»ΓÄ»ΓÄ»ΓÄ»ΓÄ»ΓÄ»ΓÄ»ΓÄ»ΓÄ»ΓÄ»ΓÄ»ΓÄ»ΓÄ»Γ
Ä»ΓÄ»ΓÄ»ΓÄ»ΓÄ»ΓÄ»ΓÄ»ΓÄ»ΓÄ»[1/2]ΓÄ»[22m[39m

[41m[1m FAIL [22m[49m src/components/Whiteboard/com
ponents/AnalyzeWithAI.test.tsx[2m:48:5[22m[2m > 
[22mAnalyzeWithAI Component[2m > [22mshould handle 
capturing and opening Gemini successfully
[31m[1mAssertionError[22m: expected "vi.fn()" to be 
called 1 times, but got 0 times

Ignored nodes: comments, script, style
[36m<html>[31m
  [36m<head />[31m
  [36m<body>[31m
    [36m<div>[31m
      [36m<div[31m
        [33mclass[31m=[32m"flex flex-col gap-3 px-4 
py-3"[31m
      [36m>[31m
        [36m<div[31m
          [33mclass[31m=[32m"text-[11px] 
leading-relaxed"[31m
          [33mstyle[31m=[32m"color: rgb(148, 163, 
184);"[31m
        [36m>[31m
          [0mCapture your whiteboard and send it to 
AI for analysis. The drawing is copied to your 
clipboard ΓÇö just [0m
          [36m<strong>[31m
            [0mCtrl+V[0m
          [36m</strong>[31m
          [0m to paste it in the chat.[0m
        [36m</div>[31m
        [36m<div[31m
          [33mclass[31m=[32m"flex items-center 
justify-center gap-6 w-full py-1"[31m
        [36m>[31m
          [36m<button[31m
            [33mclass[31m=[32m"flex flex-col 
items-center gap-1.5 transition-transform 
hover:-translate-y-1 active:scale-95 group"[31m
          [36m>[31m
            [36m<div[31m
              [33mclass[31m=[32m"w-12 h-12 
rounded-[14px] shadow-sm flex items-center 
justify-center p-2 border transition-shadow 
group-hover:shadow-md"[31m
              [33mstyle[31m=[32m"border-color: 
rgba(255, 255, 255, 0.1); background: rgb(30, 41, 
59);"[31m
            [36m>[31m
              [36m<img[31m
                [33malt[31m=[32m"ChatGPT"[31m
                [33mclass[31m=[32m"w-full h-full 
object-contain transition-all 
group-hover:scale-110"[31m
                
[33msrc[31m=[32m"/share-icons/chatgpt.webp"[31m
              [36m/>[31m
            [36m</div>[31m
            [36m<span[31m
              [33mclass[31m=[32m"text-[10px] 
font-semibold"[31m
              [33mstyle[31m=[32m"color: rgb(148, 
163, 184);"[31m
            [36m>[31m
              [0mChatGPT[0m
            [36m</span>[31m
          [36m</button>[31m
          [36m<button[31m
            [33mclass[31m=[32m"flex flex-col 
items-center gap-1.5 transition-transform 
hover:-translate-y-1 active:scale-95 group"[31m
          [36m>[31m
            [36m<div[31m
              [33mclass[31m=[32m"w-12 h-12 
rounded-[14px] shadow-sm flex items-center 
justify-center p-2 border transition-shadow 
group-hover:shadow-md"[31m
              [33mstyle[31m=[32m"border-color: 
rgba(255, 255, 255, 0.1); background: rgb(30, 41, 
59);"[31m
            [36m>[31m
              [36m<img[31m
                [33malt[31m=[32m"Gemini"[31m
                [33mclass[31m=[32m"w-full h-full 
object-contain transition-all 
group-hover:scale-110"[31m
                
[33msrc[31m=[32m"/share-icons/gemini.webp"[31m
              [36m/>[31m
            [36m</div>[31m
            [36m<span[31m
              [33mclass[31m=[32m"text-[10px] 
font-semibold"[31m
              [33mstyle[31m=[32m"color: rgb(148, 
163, 184);"[31m
            [36m>[31m
              [0mGemini[0m
            [36m</span>[31m
          [36m</button>[31m
        [36m</div>[31m
        [36m<div[31m
          [33mclass[31m=[32m"text-center 
text-[11px] font-medium py-2 px-3 rounded-lg 
transition-all"[31m
          [33mstyle[31m=[32m"background-color: 
rgba(239, 68, 68, 0.1); color: rgb(239, 68, 68); 
border: 1px solid transparent;"[31m
        [36m>[31m
          [36m<div[31m
            [33mclass[31m=[32m"flex items-center 
justify-center gap-2"[31m
          [36m>[31m
            [36m<span>[31m
              [0mΓÜá∩╕Å[0m
            [36m</span>[31m
            [0m [0m
            [0mCopy failed[0m
          [36m</div>[31m
        [36m</div>[31m
        [36m<div[31m
          [33mclass[31m=[32m"text-[9px] text-center 
pt-2 border-t flex flex-col gap-0.5"[31m
          [33mstyle[31m=[32m"color: rgb(71, 85, 
105); border-color: rgb(30, 41, 59);"[31m

[2m Test Files [22m [1m[31m1 failed[39m[22m[90m (1)[39m
[2m      Tests [22m [1m[31m2 failed[39m[22m[2m | [22m[1m[32m4 passed[39m[22m[90m (6)[39m
[2m   Start at [22m 14:13:05
[2m   Duration [22m 3.34s[2m (transform 66ms, setup 107ms, import 209ms, tests 2.14s, environment 701ms)[22m

        [36m>[31m
          [36m<a[31m
            [33mclass[31m=[32m"hover:underline"[31m
            [33mhref[31m=[32m"https://www.flaticon.c
om/free-icons/chatgpt"[31m
            [33mrel[31m=[32m"noreferrer"[31m
            [33mtarget[31m=[32m"_blank"[31m
            [33mtitle[31m=[32m"chatgpt icons"[31m
          [36m>[31m
            [0mChatgpt icons created by Freepik - 
Flaticon[0m
          [36m</a>[31m
        [36m</div>[31m
      [36m</div>[31m
    [36m</div>[31m
  [36m</body>[31m
[36m</html>[31m[39m
[36m [2mΓ¥»[22m src/components/Whiteboard/components
/AnalyzeWithAI.test.tsx:[2m62:47[22m[39m
    [90m 60| [39m
    [90m 61| [39m        [35mawait[39m 
[34mwaitFor[39m(() [33m=>[39m {
    [90m 62| [39m            [34mexpect[39m(navigat
or[33m.[39mclipboard[33m.[39mwrite)[33m.[39m[34m
toHaveBeenCalledTimes[39m([34m1[39m)[33m;[39m
    [90m   | [39m                                    
          [31m^[39m
    [90m 63| [39m            expect(window.open).toHa
veBeenCalledWith('https://gemini.gΓÇª
    [90m 64| [39m            
expect(screen.getByText('Image 
copied!')).toBeInTheDocumenΓÇª
[90m [2mΓ¥»[22m 
runWithExpensiveErrorDiagnosticsDisabled node_modules/.
pnpm/@testing-library+dom@10.4.1/node_modules/@testing-
library/dom/dist/config.js:[2m47:12[22m[39m
[90m [2mΓ¥»[22m checkCallback node_modules/.pnpm/@te
sting-library+dom@10.4.1/node_modules/@testing-library/
dom/dist/wait-for.js:[2m124:77[22m[39m
[90m [2mΓ¥»[22m Timeout.checkRealTimersCallback node
_modules/.pnpm/@testing-library+dom@10.4.1/node_modules
/@testing-library/dom/dist/wait-for.js:[2m118:16[22m
[39m

[31m[2mΓÄ»ΓÄ»ΓÄ»ΓÄ»ΓÄ»ΓÄ»ΓÄ»ΓÄ»ΓÄ»ΓÄ»ΓÄ»ΓÄ»ΓÄ»ΓÄ»ΓÄ»Γ
Ä»ΓÄ»ΓÄ»ΓÄ»ΓÄ»ΓÄ»ΓÄ»ΓÄ»ΓÄ»[2/2]ΓÄ»[22m[39m

[1m[7m[35m HTML [39m[27m[22m [35mReport is generated[39m
[2m       You can run [22m[1mnpx vite preview --outDir test-results[22m[2m to see the test results.[22m
