src/components/Whiteboard/Whiteboard.tsx(1426,19): error TS2345: Argument of type '(prev: Shape[]) => (RectangleShape | CircleShape | EllipseShape | LineShape | ArrowShape | { position: { ...; }; ... 14 more ...; visible: boolean; } | ... 18 more ... | { ...; })[]' is not assignable to parameter of type 'Shape[] | ((prev: Shape[]) => Shape[])'.
  Type '(prev: Shape[]) => (RectangleShape | CircleShape | EllipseShape | LineShape | ArrowShape | { position: { ...; }; ... 14 more ...; visible: boolean; } | ... 18 more ... | { ...; })[]' is not assignable to type '(prev: Shape[]) => Shape[]'.
    Type '(RectangleShape | CircleShape | EllipseShape | LineShape | ArrowShape | { position: { x: number; y: number; }; ... 14 more ...; visible: boolean; } | ... 18 more ... | { ...; })[]' is not assignable to type 'Shape[]'.
      Type 'RectangleShape | CircleShape | EllipseShape | LineShape | ArrowShape | { position: { x: number; y: number; }; ... 14 more ...; visible: boolean; } | ... 18 more ... | { ...; }' is not assignable to type 'Shape'.
        Type '{ position: { x: number; y: number; }; points: { x: number; y: number; }[]; type: ShapeType.TRIANGLE; style: ShapeStyle; transform: Transform; id: string; ... 7 more ...; visible: boolean; }' is not assignable to type 'Shape'.
          Type '{ position: { x: number; y: number; }; points: { x: number; y: number; }[]; type: ShapeType.TRIANGLE; style: ShapeStyle; transform: Transform; id: string; ... 7 more ...; visible: boolean; }' is not assignable to type 'TriangleShape'.
            Types of property 'points' are incompatible.
              Type '{ x: number; y: number; }[]' is not assignable to type '[Position, Position, Position]'.
                Target requires 3 element(s) but source may have fewer.
